
> rugendo-rwanda-frontend@0.1.0 dev
> vite --host 127.0.0.1 --port 5173


  [32m[1mVITE[22m v5.4.21[39m  [2mready in [0m[1m1049[22m[2m[0m ms[22m

  [32m➜[39m  [1mLocal[22m:   [36mhttp://127.0.0.1:[1m5173[22m/[39m
[2m11:56:56[22m [36m[1m[vite][22m[39m [32mpage reload [39m[2mIndex.html[22m
[2m11:56:56[22m [36m[1m[vite][22m[39m [32mpage reload [39m[2mIndex.html[22m
[2m11:56:56[22m [36m[1m[vite][22m[39m [32mpage reload [39m[2mindex.html[22m
[2m11:56:56[22m [36m[1m[vite][22m[39m [32mhmr update [39m[2m/src/components/common/Footer.jsx, /src/styles/index.css[22m
[2m11:56:56[22m [36m[1m[vite][22m[39m [32mhmr update [39m[2m/src/layouts/AdminLayout.jsx, /src/styles/index.css[22m
[2m11:56:56[22m [36m[1m[vite][22m[39m [32mhmr update [39m[2m/src/pages/public/ContactPage.jsx, /src/styles/index.css[22m
[2m11:56:56[22m [36m[1m[vite][22m[39m [32mpage reload [39m[2msrc/styles/design-system.js[22m
[2m11:56:56[22m [36m[1m[vite][22m[39m [32mhmr update [39m[2m/src/contexts/LanguageContext.jsx, /src/styles/index.css[22m
[2m11:56:56[22m [36m[1m[vite][22m[39m [32mpage reload [39m[2mIndex.html[22m
[2m11:56:56[22m [36m[1m[vite][22m[39m [32mhmr update [39m[2m/src/components/common/Footer.jsx, /src/styles/index.css[22m
[2m11:56:56[22m [36m[1m[vite][22m[39m [32mhmr update [39m[2m/src/components/common/Navbar.jsx, /src/styles/index.css[22m
[2m11:56:56[22m [36m[1m[vite][22m[39m [32mhmr update [39m[2m/src/components/common/Sidebar.jsx, /src/styles/index.css[22m
[2m11:56:56[22m [36m[1m[vite][22m[39m [32mhmr update [39m[2m/src/layouts/AdminLayout.jsx, /src/styles/index.css[22m
[2m11:56:56[22m [36m[1m[vite][22m[39m [32mhmr update [39m[2m/src/layouts/AuthLayout.jsx, /src/styles/index.css[22m
[2m11:56:56[22m [36m[1m[vite][22m[39m [32mhmr update [39m[2m/src/layouts/CompanyAdminLayout.jsx, /src/styles/index.css[22m
[2m11:56:56[22m [36m[1m[vite][22m[39m [32mhmr update [39m[2m/src/layouts/OperatorLayout.jsx, /src/styles/index.css[22m
[2m11:56:56[22m [36m[1m[vite][22m[39m [32mhmr update [39m[2m/src/layouts/PassengerLayout.jsx, /src/styles/index.css[22m
[2m11:56:56[22m [36m[1m[vite][22m[39m [32mhmr update [39m[2m/src/layouts/SuperAdminLayout.jsx, /src/styles/index.css[22m
[2m11:56:56[22m [36m[1m[vite][22m[39m [32mhmr update [39m[2m/src/pages/public/ContactPage.jsx, /src/styles/index.css[22m
[2m11:56:56[22m [36m[1m[vite][22m[39m [32mhmr update [39m[2m/src/pages/public/HomePage.jsx, /src/styles/index.css[22m
[2m11:56:56[22m [36m[1m[vite][22m[39m [32mpage reload [39m[2msrc/styles/design-system.js[22m
[2m11:56:56[22m [36m[1m[vite][22m[39m [32mhmr update [39m[2m/src/contexts/LanguageContext.jsx, /src/styles/index.css[22m
[2m12:00:16[22m [36m[1m[vite][22m[39m [32mpage reload [39m[2mindex.html[22m
[2m12:00:16[22m [36m[1m[vite][22m[39m [32mhmr update [39m[2m/src/contexts/LanguageContext.jsx, /src/styles/index.css[22m
[2m12:00:16[22m [36m[1m[vite][22m[39m [32mhmr update [39m[2m/src/components/common/Footer.jsx, /src/styles/index.css[22m
[2m12:00:16[22m [36m[1m[vite][22m[39m [32mhmr update [39m[2m/src/contexts/LanguageContext.jsx, /src/styles/index.css[22m
[2m12:00:16[22m [36m[1m[vite][22m[39m [32mhmr update [39m[2m/src/components/common/Navbar.jsx, /src/styles/index.css[22m
[2m12:00:16[22m [36m[1m[vite][22m[39m [32mhmr update [39m[2m/src/components/common/Sidebar.jsx, /src/styles/index.css[22m
[2m12:00:16[22m [36m[1m[vite][22m[39m [32mhmr update [39m[2m/src/layouts/AuthLayout.jsx, /src/styles/index.css[22m
[2m12:00:16[22m [36m[1m[vite][22m[39m [32mhmr update [39m[2m/src/pages/public/HomePage.jsx, /src/styles/index.css[22m
[2m12:00:16[22m [36m[1m[vite][22m[39m [32mhmr update [39m[2m/src/layouts/AuthLayout.jsx, /src/styles/index.css[22m
[2m12:00:16[22m [36m[1m[vite][22m[39m [32mhmr update [39m[2m/src/layouts/AdminLayout.jsx, /src/styles/index.css[22m
[2m12:00:16[22m [36m[1m[vite][22m[39m [32mhmr update [39m[2m/src/layouts/OperatorLayout.jsx, /src/styles/index.css[22m
[2m12:00:16[22m [36m[1m[vite][22m[39m [32mhmr update [39m[2m/src/layouts/PassengerLayout.jsx, /src/styles/index.css[22m
[2m12:00:16[22m [36m[1m[vite][22m[39m [32mhmr update [39m[2m/src/layouts/SuperAdminLayout.jsx, /src/styles/index.css[22m
[2m12:00:16[22m [36m[1m[vite][22m[39m [32mhmr update [39m[2m/src/layouts/CompanyAdminLayout.jsx, /src/styles/index.css[22m
[2m12:02:27[22m [36m[1m[vite][22m[39m [32mhmr update [39m[2m/src/pages/public/ContactPage.jsx, /src/styles/index.css[22m
[2m12:03:26[22m [36m[1m[vite][22m[39m [32mpage reload [39m[2msrc/styles/design-system.js[22m
